[ref_pre_mnv3_s0] params=4,250,710 train=5286 val=1133
[ref_pre_mnv3_s0] ep 01 train_loss 2.968 acc 0.299 | val_loss 1.063 acc 0.733 | 112s
[ref_pre_mnv3_s0] ep 02 train_loss 0.508 acc 0.851 | val_loss 0.358 acc 0.884 | 223s
[ref_pre_mnv3_s0] ep 03 train_loss 0.272 acc 0.911 | val_loss 0.258 acc 0.920 | 338s
[ref_pre_mnv3_s0] ep 04 train_loss 0.152 acc 0.950 | val_loss 0.135 acc 0.950 | 449s
[ref_pre_mnv3_s0] ep 05 train_loss 0.092 acc 0.970 | val_loss 0.103 acc 0.966 | 562s
[ref_pre_mnv3_s0] ep 06 train_loss 0.043 acc 0.986 | val_loss 0.071 acc 0.976 | 677s
[ref_pre_mnv3_s0] ep 07 train_loss 0.022 acc 0.993 | val_loss 0.062 acc 0.979 | 790s
[ref_pre_mnv3_s0] ep 08 train_loss 0.018 acc 0.994 | val_loss 0.063 acc 0.977 | 903s
[pre_mnv3_bgaug_s0] params=4,250,710 train=5286 val=1133
[pre_mnv3_bgaug_s0] ep 01 train_loss 3.132 acc 0.227 | val_loss 1.303 acc 0.661 | 115s
[pre_mnv3_bgaug_s0] ep 02 train_loss 0.773 acc 0.767 | val_loss 0.481 acc 0.841 | 228s
[pre_mnv3_bgaug_s0] ep 03 train_loss 0.455 acc 0.851 | val_loss 0.338 acc 0.888 | 354s
[pre_mnv3_bgaug_s0] ep 04 train_loss 0.276 acc 0.911 | val_loss 0.183 acc 0.936 | 526s
[pre_mnv3_bgaug_s0] ep 05 train_loss 0.178 acc 0.941 | val_loss 0.169 acc 0.940 | 659s
[pre_mnv3_bgaug_s0] ep 06 train_loss 0.119 acc 0.959 | val_loss 0.155 acc 0.950 | 769s
[pre_mnv3_bgaug_s0] ep 07 train_loss 0.080 acc 0.974 | val_loss 0.116 acc 0.962 | 880s
[pre_mnv3_bgaug_s0] ep 08 train_loss 0.066 acc 0.976 | val_loss 0.115 acc 0.962 | 990s
[ref_pre_effb0_s0] params=4,056,226 train=5286 val=1133
[ref_pre_effb0_s0] ep 01 train_loss 2.974 acc 0.317 | val_loss 1.292 acc 0.756 | 189s
[ref_pre_effb0_s0] ep 02 train_loss 0.524 acc 0.858 | val_loss 0.352 acc 0.895 | 379s
[ref_pre_effb0_s0] ep 03 train_loss 0.262 acc 0.917 | val_loss 0.280 acc 0.913 | 565s
[ref_pre_effb0_s0] ep 04 train_loss 0.177 acc 0.941 | val_loss 0.189 acc 0.949 | 756s
[ref_pre_effb0_s0] ep 05 train_loss 0.101 acc 0.966 | val_loss 0.109 acc 0.959 | 952s
[ref_pre_effb0_s0] ep 06 train_loss 0.052 acc 0.983 | val_loss 0.081 acc 0.978 | 1146s
[ref_pre_effb0_s0] ep 07 train_loss 0.024 acc 0.993 | val_loss 0.063 acc 0.983 | 1340s
[ref_pre_effb0_s0] ep 08 train_loss 0.019 acc 0.995 | val_loss 0.068 acc 0.983 | 1530s
PRETRAINED_DONE
skip ref_pre_mnv3_s0
[ref_pre_mnv3_s1] params=4,250,710 train=5286 val=1133
[ref_pre_mnv3_s1] ep 01 train_loss 2.996 acc 0.303 | val_loss 1.107 acc 0.748 | 139s
[ref_pre_mnv3_s1] ep 02 train_loss 0.525 acc 0.843 | val_loss 0.405 acc 0.876 | 270s
[ref_pre_mnv3_s1] ep 03 train_loss 0.268 acc 0.912 | val_loss 0.298 acc 0.902 | 416s
[ref_pre_mnv3_s1] ep 04 train_loss 0.176 acc 0.945 | val_loss 0.205 acc 0.938 | 535s
skip ref_pre_mnv3_s0
[ref_pre_mnv3_s1] params=4,250,710 train=5286 val=1133
[ref_pre_mnv3_s1] ep 01 train_loss 2.996 acc 0.303 | val_loss 1.107 acc 0.748 | 166s
[ref_pre_mnv3_s1] ep 02 train_loss 0.525 acc 0.843 | val_loss 0.405 acc 0.876 | 326s
[ref_pre_mnv3_s1] ep 03 train_loss 0.268 acc 0.912 | val_loss 0.298 acc 0.902 | 491s
[ref_pre_mnv3_s1] ep 04 train_loss 0.176 acc 0.945 | val_loss 0.205 acc 0.938 | 652s
[ref_pre_mnv3_s1] ep 05 train_loss 0.088 acc 0.971 | val_loss 0.131 acc 0.959 | 806s
[ref_pre_mnv3_s1] ep 06 train_loss 0.044 acc 0.986 | val_loss 0.108 acc 0.965 | 962s
[ref_pre_mnv3_s1] ep 07 train_loss 0.026 acc 0.991 | val_loss 0.093 acc 0.968 | 1119s
[ref_pre_mnv3_s1] ep 08 train_loss 0.019 acc 0.994 | val_loss 0.090 acc 0.967 | 1273s
[ref_pre_mnv3_s2] params=4,250,710 train=5286 val=1133
[ref_pre_mnv3_s2] ep 01 train_loss 2.999 acc 0.294 | val_loss 1.115 acc 0.711 | 164s
[ref_pre_mnv3_s2] ep 02 train_loss 0.526 acc 0.834 | val_loss 0.437 acc 0.860 | 326s
[ref_pre_mnv3_s2] ep 03 train_loss 0.300 acc 0.898 | val_loss 0.299 acc 0.908 | 487s
[ref_pre_mnv3_s2] ep 04 train_loss 0.140 acc 0.954 | val_loss 0.173 acc 0.948 | 647s
[ref_pre_mnv3_s2] ep 05 train_loss 0.080 acc 0.972 | val_loss 0.160 acc 0.956 | 806s
[ref_pre_mnv3_s2] ep 06 train_loss 0.045 acc 0.985 | val_loss 0.105 acc 0.968 | 967s
[ref_pre_mnv3_s2] ep 07 train_loss 0.030 acc 0.990 | val_loss 0.098 acc 0.966 | 1125s
[ref_pre_mnv3_s2] ep 08 train_loss 0.019 acc 0.994 | val_loss 0.099 acc 0.968 | 1286s
skip ref_pre_effb0_s0
PRETRAINED_DONE
